1780746853.896034 client started (33806): version 3.6b, socket /private/tmp/tmux-501/default, protocol 8
1780746853.896073 on Darwin 25.4.0 Darwin Kernel Version 25.4.0: Thu Mar 19 19:33:25 PDT 2026; root:xnu-12377.101.15~1/RELEASE_ARM64_T6041
1780746853.896079 using libevent 2.1.12-stable select
1780746853.896589 using utf8proc 2.11.3
1780746853.896606 using ncurses 6.6 20251230
1780746853.896621 flags are 0x10010000
1780746853.896628 socket is /private/tmp/tmux-501/default
1780746853.896638 trying connect
1780746853.896667 add peer 0x10529e2f0: 6 (0x0)
1780746853.898911 sending message 111 to peer 0x10529e2f0 (8 bytes)
1780746853.898925 sending message 111 to peer 0x10529e2f0 (8 bytes)
1780746853.898931 sending message 101 to peer 0x10529e2f0 (14 bytes)
1780746853.898937 sending message 109 to peer 0x10529e2f0 (4 bytes)
1780746853.898941 sending message 102 to peer 0x10529e2f0 (13 bytes)
1780746853.898946 sending message 108 to peer 0x10529e2f0 (34 bytes)
1780746853.898950 sending message 112 to peer 0x10529e2f0 (70 bytes)
1780746853.898955 sending message 112 to peer 0x10529e2f0 (5 bytes)
1780746853.898959 sending message 112 to peer 0x10529e2f0 (5 bytes)
1780746853.898966 sending message 112 to peer 0x10529e2f0 (6 bytes)
1780746853.898972 sending message 112 to peer 0x10529e2f0 (6 bytes)
1780746853.898976 sending message 112 to peer 0x10529e2f0 (11 bytes)
1780746853.898980 sending message 112 to peer 0x10529e2f0 (10 bytes)
1780746853.898985 sending message 112 to peer 0x10529e2f0 (13 bytes)
1780746853.898989 sending message 112 to peer 0x10529e2f0 (13 bytes)
1780746853.898993 sending message 112 to peer 0x10529e2f0 (18 bytes)
1780746853.898997 sending message 112 to peer 0x10529e2f0 (11 bytes)
1780746853.899001 sending message 112 to peer 0x10529e2f0 (10 bytes)
1780746853.899005 sending message 112 to peer 0x10529e2f0 (15 bytes)
1780746853.899009 sending message 112 to peer 0x10529e2f0 (21 bytes)
1780746853.899013 sending message 112 to peer 0x10529e2f0 (13 bytes)
1780746853.899017 sending message 112 to peer 0x10529e2f0 (7 bytes)
1780746853.899020 sending message 112 to peer 0x10529e2f0 (13 bytes)
1780746853.899024 sending message 112 to peer 0x10529e2f0 (7 bytes)
1780746853.899029 sending message 112 to peer 0x10529e2f0 (13 bytes)
1780746853.899033 sending message 112 to peer 0x10529e2f0 (9 bytes)
1780746853.899037 sending message 112 to peer 0x10529e2f0 (21 bytes)
1780746853.899042 sending message 112 to peer 0x10529e2f0 (13 bytes)
1780746853.899046 sending message 112 to peer 0x10529e2f0 (8 bytes)
1780746853.899050 sending message 112 to peer 0x10529e2f0 (12 bytes)
1780746853.899054 sending message 112 to peer 0x10529e2f0 (13 bytes)
1780746853.899061 sending message 112 to peer 0x10529e2f0 (9 bytes)
1780746853.899067 sending message 112 to peer 0x10529e2f0 (9 bytes)
1780746853.899071 sending message 112 to peer 0x10529e2f0 (12 bytes)
1780746853.899075 sending message 112 to peer 0x10529e2f0 (8 bytes)
1780746853.899079 sending message 112 to peer 0x10529e2f0 (8 bytes)
1780746853.899083 sending message 112 to peer 0x10529e2f0 (7 bytes)
1780746853.899087 sending message 112 to peer 0x10529e2f0 (7 bytes)
1780746853.899091 sending message 112 to peer 0x10529e2f0 (9 bytes)
1780746853.899095 sending message 112 to peer 0x10529e2f0 (13 bytes)
1780746853.899099 sending message 112 to peer 0x10529e2f0 (6 bytes)
1780746853.899103 sending message 112 to peer 0x10529e2f0 (9 bytes)
1780746853.899108 sending message 112 to peer 0x10529e2f0 (15 bytes)
1780746853.899112 sending message 112 to peer 0x10529e2f0 (13 bytes)
1780746853.899115 sending message 112 to peer 0x10529e2f0 (12 bytes)
1780746853.899119 sending message 112 to peer 0x10529e2f0 (8 bytes)
1780746853.899123 sending message 112 to peer 0x10529e2f0 (14 bytes)
1780746853.899127 sending message 112 to peer 0x10529e2f0 (11 bytes)
1780746853.899131 sending message 112 to peer 0x10529e2f0 (9 bytes)
1780746853.899135 sending message 112 to peer 0x10529e2f0 (10 bytes)
1780746853.899139 sending message 112 to peer 0x10529e2f0 (10 bytes)
1780746853.899143 sending message 112 to peer 0x10529e2f0 (10 bytes)
1780746853.899152 sending message 112 to peer 0x10529e2f0 (10 bytes)
1780746853.899156 sending message 112 to peer 0x10529e2f0 (11 bytes)
1780746853.899159 sending message 112 to peer 0x10529e2f0 (12 bytes)
1780746853.899162 sending message 112 to peer 0x10529e2f0 (12 bytes)
1780746853.899165 sending message 112 to peer 0x10529e2f0 (12 bytes)
1780746853.899168 sending message 112 to peer 0x10529e2f0 (12 bytes)
1780746853.899171 sending message 112 to peer 0x10529e2f0 (12 bytes)
1780746853.899175 sending message 112 to peer 0x10529e2f0 (11 bytes)
1780746853.899179 sending message 112 to peer 0x10529e2f0 (11 bytes)
1780746853.899183 sending message 112 to peer 0x10529e2f0 (12 bytes)
1780746853.899186 sending message 112 to peer 0x10529e2f0 (12 bytes)
1780746853.899189 sending message 112 to peer 0x10529e2f0 (12 bytes)
1780746853.899191 sending message 112 to peer 0x10529e2f0 (12 bytes)
1780746853.899194 sending message 112 to peer 0x10529e2f0 (12 bytes)
1780746853.899197 sending message 112 to peer 0x10529e2f0 (10 bytes)
1780746853.899200 sending message 112 to peer 0x10529e2f0 (12 bytes)
1780746853.899203 sending message 112 to peer 0x10529e2f0 (13 bytes)
1780746853.899206 sending message 112 to peer 0x10529e2f0 (13 bytes)
1780746853.899209 sending message 112 to peer 0x10529e2f0 (13 bytes)
1780746853.899212 sending message 112 to peer 0x10529e2f0 (13 bytes)
1780746853.899215 sending message 112 to peer 0x10529e2f0 (13 bytes)
1780746853.899218 sending message 112 to peer 0x10529e2f0 (8 bytes)
1780746853.899221 sending message 112 to peer 0x10529e2f0 (11 bytes)
1780746853.899224 sending message 112 to peer 0x10529e2f0 (11 bytes)
1780746853.899227 sending message 112 to peer 0x10529e2f0 (11 bytes)
1780746853.899230 sending message 112 to peer 0x10529e2f0 (12 bytes)
1780746853.899233 sending message 112 to peer 0x10529e2f0 (12 bytes)
1780746853.899236 sending message 112 to peer 0x10529e2f0 (12 bytes)
1780746853.899239 sending message 112 to peer 0x10529e2f0 (12 bytes)
1780746853.899242 sending message 112 to peer 0x10529e2f0 (13 bytes)
1780746853.899246 sending message 112 to peer 0x10529e2f0 (13 bytes)
1780746853.899249 sending message 112 to peer 0x10529e2f0 (13 bytes)
1780746853.899252 sending message 112 to peer 0x10529e2f0 (8 bytes)
1780746853.899255 sending message 112 to peer 0x10529e2f0 (13 bytes)
1780746853.899259 sending message 112 to peer 0x10529e2f0 (13 bytes)
1780746853.899262 sending message 112 to peer 0x10529e2f0 (13 bytes)
1780746853.899265 sending message 112 to peer 0x10529e2f0 (13 bytes)
1780746853.899268 sending message 112 to peer 0x10529e2f0 (13 bytes)
1780746853.899271 sending message 112 to peer 0x10529e2f0 (12 bytes)
1780746853.899274 sending message 112 to peer 0x10529e2f0 (12 bytes)
1780746853.899277 sending message 112 to peer 0x10529e2f0 (12 bytes)
1780746853.899280 sending message 112 to peer 0x10529e2f0 (12 bytes)
1780746853.899283 sending message 112 to peer 0x10529e2f0 (13 bytes)
1780746853.899286 sending message 112 to peer 0x10529e2f0 (8 bytes)
1780746853.899289 sending message 112 to peer 0x10529e2f0 (13 bytes)
1780746853.899293 sending message 112 to peer 0x10529e2f0 (13 bytes)
1780746853.899296 sending message 112 to peer 0x10529e2f0 (13 bytes)
1780746853.899299 sending message 112 to peer 0x10529e2f0 (13 bytes)
1780746853.899302 sending message 112 to peer 0x10529e2f0 (13 bytes)
1780746853.899306 sending message 112 to peer 0x10529e2f0 (13 bytes)
1780746853.899309 sending message 112 to peer 0x10529e2f0 (13 bytes)
1780746853.899312 sending message 112 to peer 0x10529e2f0 (12 bytes)
1780746853.899316 sending message 112 to peer 0x10529e2f0 (12 bytes)
1780746853.899319 sending message 112 to peer 0x10529e2f0 (12 bytes)
1780746853.899322 sending message 112 to peer 0x10529e2f0 (8 bytes)
1780746853.899325 sending message 112 to peer 0x10529e2f0 (12 bytes)
1780746853.899328 sending message 112 to peer 0x10529e2f0 (13 bytes)
1780746853.899332 sending message 112 to peer 0x10529e2f0 (13 bytes)
1780746853.899335 sending message 112 to peer 0x10529e2f0 (13 bytes)
1780746853.899344 sending message 112 to peer 0x10529e2f0 (13 bytes)
1780746853.899348 sending message 112 to peer 0x10529e2f0 (13 bytes)
1780746853.899351 sending message 112 to peer 0x10529e2f0 (13 bytes)
1780746853.899355 sending message 112 to peer 0x10529e2f0 (13 bytes)
1780746853.899358 sending message 112 to peer 0x10529e2f0 (13 bytes)
1780746853.899361 sending message 112 to peer 0x10529e2f0 (12 bytes)
1780746853.899365 sending message 112 to peer 0x10529e2f0 (10 bytes)
1780746853.899368 sending message 112 to peer 0x10529e2f0 (12 bytes)
1780746853.899371 sending message 112 to peer 0x10529e2f0 (12 bytes)
1780746853.899375 sending message 112 to peer 0x10529e2f0 (12 bytes)
1780746853.899379 sending message 112 to peer 0x10529e2f0 (13 bytes)
1780746853.899382 sending message 112 to peer 0x10529e2f0 (13 bytes)
1780746853.899386 sending message 112 to peer 0x10529e2f0 (13 bytes)
1780746853.899389 sending message 112 to peer 0x10529e2f0 (13 bytes)
1780746853.899393 sending message 112 to peer 0x10529e2f0 (13 bytes)
1780746853.899397 sending message 112 to peer 0x10529e2f0 (13 bytes)
1780746853.899400 sending message 112 to peer 0x10529e2f0 (13 bytes)
1780746853.899404 sending message 112 to peer 0x10529e2f0 (10 bytes)
1780746853.899408 sending message 112 to peer 0x10529e2f0 (13 bytes)
1780746853.899411 sending message 112 to peer 0x10529e2f0 (12 bytes)
1780746853.899415 sending message 112 to peer 0x10529e2f0 (12 bytes)
1780746853.899419 sending message 112 to peer 0x10529e2f0 (12 bytes)
1780746853.899422 sending message 112 to peer 0x10529e2f0 (10 bytes)
1780746853.899425 sending message 112 to peer 0x10529e2f0 (10 bytes)
1780746853.899429 sending message 112 to peer 0x10529e2f0 (10 bytes)
1780746853.899433 sending message 112 to peer 0x10529e2f0 (12 bytes)
1780746853.899436 sending message 112 to peer 0x10529e2f0 (13 bytes)
1780746853.899440 sending message 112 to peer 0x10529e2f0 (13 bytes)
1780746853.899443 sending message 112 to peer 0x10529e2f0 (13 bytes)
1780746853.899447 sending message 112 to peer 0x10529e2f0 (13 bytes)
1780746853.899450 sending message 112 to peer 0x10529e2f0 (13 bytes)
1780746853.899454 sending message 112 to peer 0x10529e2f0 (11 bytes)
1780746853.899458 sending message 112 to peer 0x10529e2f0 (11 bytes)
1780746853.899462 sending message 112 to peer 0x10529e2f0 (12 bytes)
1780746853.899466 sending message 112 to peer 0x10529e2f0 (12 bytes)
1780746853.899469 sending message 112 to peer 0x10529e2f0 (12 bytes)
1780746853.899473 sending message 112 to peer 0x10529e2f0 (12 bytes)
1780746853.899477 sending message 112 to peer 0x10529e2f0 (12 bytes)
1780746853.899482 sending message 112 to peer 0x10529e2f0 (11 bytes)
1780746853.899486 sending message 112 to peer 0x10529e2f0 (12 bytes)
1780746853.899490 sending message 112 to peer 0x10529e2f0 (12 bytes)
1780746853.899493 sending message 112 to peer 0x10529e2f0 (13 bytes)
1780746853.899496 sending message 112 to peer 0x10529e2f0 (13 bytes)
1780746853.899499 sending message 112 to peer 0x10529e2f0 (13 bytes)
1780746853.899503 sending message 112 to peer 0x10529e2f0 (13 bytes)
1780746853.899507 sending message 112 to peer 0x10529e2f0 (13 bytes)
1780746853.899510 sending message 112 to peer 0x10529e2f0 (10 bytes)
1780746853.899514 sending message 112 to peer 0x10529e2f0 (9 bytes)
1780746853.899517 sending message 112 to peer 0x10529e2f0 (12 bytes)
1780746853.899520 sending message 112 to peer 0x10529e2f0 (13 bytes)
1780746853.899523 sending message 112 to peer 0x10529e2f0 (13 bytes)
1780746853.899527 sending message 112 to peer 0x10529e2f0 (13 bytes)
1780746853.899530 sending message 112 to peer 0x10529e2f0 (13 bytes)
1780746853.899534 sending message 112 to peer 0x10529e2f0 (13 bytes)
1780746853.899537 sending message 112 to peer 0x10529e2f0 (9 bytes)
1780746853.899541 sending message 112 to peer 0x10529e2f0 (12 bytes)
1780746853.899544 sending message 112 to peer 0x10529e2f0 (13 bytes)
1780746853.899548 sending message 112 to peer 0x10529e2f0 (13 bytes)
1780746853.899551 sending message 112 to peer 0x10529e2f0 (13 bytes)
1780746853.899555 sending message 112 to peer 0x10529e2f0 (13 bytes)
1780746853.899564 sending message 112 to peer 0x10529e2f0 (13 bytes)
1780746853.899568 sending message 112 to peer 0x10529e2f0 (11 bytes)
1780746853.899572 sending message 112 to peer 0x10529e2f0 (12 bytes)
1780746853.899575 sending message 112 to peer 0x10529e2f0 (13 bytes)
1780746853.899579 sending message 112 to peer 0x10529e2f0 (13 bytes)
1780746853.899582 sending message 112 to peer 0x10529e2f0 (13 bytes)
1780746853.899585 sending message 112 to peer 0x10529e2f0 (13 bytes)
1780746853.899588 sending message 112 to peer 0x10529e2f0 (13 bytes)
1780746853.899591 sending message 112 to peer 0x10529e2f0 (11 bytes)
1780746853.899594 sending message 112 to peer 0x10529e2f0 (12 bytes)
1780746853.899597 sending message 112 to peer 0x10529e2f0 (12 bytes)
1780746853.899601 sending message 112 to peer 0x10529e2f0 (12 bytes)
1780746853.899603 sending message 112 to peer 0x10529e2f0 (12 bytes)
1780746853.899606 sending message 112 to peer 0x10529e2f0 (12 bytes)
1780746853.899610 sending message 112 to peer 0x10529e2f0 (21 bytes)
1780746853.899613 sending message 112 to peer 0x10529e2f0 (12 bytes)
1780746853.899616 sending message 112 to peer 0x10529e2f0 (9 bytes)
1780746853.899620 sending message 112 to peer 0x10529e2f0 (6 bytes)
1780746853.899623 sending message 112 to peer 0x10529e2f0 (13 bytes)
1780746853.899626 sending message 112 to peer 0x10529e2f0 (8 bytes)
1780746853.899628 sending message 112 to peer 0x10529e2f0 (15 bytes)
1780746853.899631 sending message 112 to peer 0x10529e2f0 (13 bytes)
1780746853.899633 sending message 112 to peer 0x10529e2f0 (9 bytes)
1780746853.899635 sending message 112 to peer 0x10529e2f0 (70 bytes)
1780746853.899638 sending message 112 to peer 0x10529e2f0 (69 bytes)
1780746853.899640 sending message 112 to peer 0x10529e2f0 (10 bytes)
1780746853.899642 sending message 112 to peer 0x10529e2f0 (10 bytes)
1780746853.899644 sending message 112 to peer 0x10529e2f0 (8 bytes)
1780746853.899647 sending message 112 to peer 0x10529e2f0 (15 bytes)
1780746853.899649 sending message 112 to peer 0x10529e2f0 (13 bytes)
1780746853.899651 sending message 112 to peer 0x10529e2f0 (10 bytes)
1780746853.899653 sending message 112 to peer 0x10529e2f0 (10 bytes)
1780746853.899655 sending message 112 to peer 0x10529e2f0 (17 bytes)
1780746853.899657 sending message 112 to peer 0x10529e2f0 (10 bytes)
1780746853.899660 sending message 112 to peer 0x10529e2f0 (13 bytes)
1780746853.899662 sending message 112 to peer 0x10529e2f0 (9 bytes)
1780746853.899664 sending message 112 to peer 0x10529e2f0 (5 bytes)
1780746853.899667 sending message 112 to peer 0x10529e2f0 (15 bytes)
1780746853.899670 sending message 104 to peer 0x10529e2f0 (0 bytes)
1780746853.899672 sending message 110 to peer 0x10529e2f0 (0 bytes)
1780746853.899675 sending message 107 to peer 0x10529e2f0 (4 bytes)
1780746853.899677 sending message 105 to peer 0x10529e2f0 (51 bytes)
1780746853.899679 sending message 105 to peer 0x10529e2f0 (20 bytes)
1780746853.899681 sending message 105 to peer 0x10529e2f0 (22 bytes)
1780746853.899683 sending message 105 to peer 0x10529e2f0 (53 bytes)
1780746853.899685 sending message 105 to peer 0x10529e2f0 (12 bytes)
1780746853.899686 sending message 105 to peer 0x10529e2f0 (54 bytes)
1780746853.899688 sending message 105 to peer 0x10529e2f0 (43 bytes)
1780746853.899690 sending message 105 to peer 0x10529e2f0 (57 bytes)
1780746853.899692 sending message 105 to peer 0x10529e2f0 (54 bytes)
1780746853.899694 sending message 105 to peer 0x10529e2f0 (103 bytes)
1780746853.899696 sending message 105 to peer 0x10529e2f0 (22 bytes)
1780746853.899698 sending message 105 to peer 0x10529e2f0 (13 bytes)
1780746853.899699 sending message 105 to peer 0x10529e2f0 (8 bytes)
1780746853.899701 sending message 105 to peer 0x10529e2f0 (18 bytes)
1780746853.899704 sending message 105 to peer 0x10529e2f0 (32 bytes)
1780746853.899706 sending message 105 to peer 0x10529e2f0 (96 bytes)
1780746853.899708 sending message 105 to peer 0x10529e2f0 (54 bytes)
1780746853.899710 sending message 105 to peer 0x10529e2f0 (17 bytes)
1780746853.899717 sending message 105 to peer 0x10529e2f0 (51 bytes)
1780746853.899719 sending message 105 to peer 0x10529e2f0 (41 bytes)
1780746853.899722 sending message 105 to peer 0x10529e2f0 (18 bytes)
1780746853.899725 sending message 105 to peer 0x10529e2f0 (11 bytes)
1780746853.899727 sending message 105 to peer 0x10529e2f0 (1221 bytes)
1780746853.899729 sending message 105 to peer 0x10529e2f0 (40 bytes)
1780746853.899731 sending message 105 to peer 0x10529e2f0 (38 bytes)
1780746853.899733 sending message 105 to peer 0x10529e2f0 (148 bytes)
1780746853.899735 sending message 105 to peer 0x10529e2f0 (20 bytes)
1780746853.899737 sending message 105 to peer 0x10529e2f0 (24 bytes)
1780746853.899739 sending message 105 to peer 0x10529e2f0 (15 bytes)
1780746853.899742 sending message 105 to peer 0x10529e2f0 (8 bytes)
1780746853.899744 sending message 105 to peer 0x10529e2f0 (62 bytes)
1780746853.899747 sending message 105 to peer 0x10529e2f0 (38 bytes)
1780746853.899749 sending message 105 to peer 0x10529e2f0 (19 bytes)
1780746853.899751 sending message 105 to peer 0x10529e2f0 (19 bytes)
1780746853.899752 sending message 105 to peer 0x10529e2f0 (18 bytes)
1780746853.899754 sending message 105 to peer 0x10529e2f0 (26 bytes)
1780746853.899756 sending message 105 to peer 0x10529e2f0 (57 bytes)
1780746853.899758 sending message 105 to peer 0x10529e2f0 (44 bytes)
1780746853.899760 sending message 105 to peer 0x10529e2f0 (14 bytes)
1780746853.899762 sending message 105 to peer 0x10529e2f0 (57 bytes)
1780746853.899764 sending message 105 to peer 0x10529e2f0 (15 bytes)
1780746853.899765 sending message 105 to peer 0x10529e2f0 (31 bytes)
1780746853.899767 sending message 105 to peer 0x10529e2f0 (120 bytes)
1780746853.899769 sending message 105 to peer 0x10529e2f0 (142 bytes)
1780746853.899771 sending message 105 to peer 0x10529e2f0 (98 bytes)
1780746853.899773 sending message 105 to peer 0x10529e2f0 (50 bytes)
1780746853.899775 sending message 105 to peer 0x10529e2f0 (14 bytes)
1780746853.899777 sending message 105 to peer 0x10529e2f0 (19 bytes)
1780746853.899779 sending message 105 to peer 0x10529e2f0 (32 bytes)
1780746853.899780 sending message 105 to peer 0x10529e2f0 (44 bytes)
1780746853.899782 sending message 105 to peer 0x10529e2f0 (30 bytes)
1780746853.899784 sending message 105 to peer 0x10529e2f0 (80 bytes)
1780746853.899786 sending message 105 to peer 0x10529e2f0 (42 bytes)
1780746853.899788 sending message 105 to peer 0x10529e2f0 (38 bytes)
1780746853.899790 sending message 105 to peer 0x10529e2f0 (454 bytes)
1780746853.899792 sending message 105 to peer 0x10529e2f0 (15 bytes)
1780746853.899794 sending message 105 to peer 0x10529e2f0 (24 bytes)
1780746853.899796 sending message 105 to peer 0x10529e2f0 (23 bytes)
1780746853.899798 sending message 105 to peer 0x10529e2f0 (251 bytes)
1780746853.899800 sending message 105 to peer 0x10529e2f0 (330 bytes)
1780746853.899802 sending message 105 to peer 0x10529e2f0 (25 bytes)
1780746853.899804 sending message 106 to peer 0x10529e2f0 (0 bytes)
1780746853.899854 sending message 200 to peer 0x10529e2f0 (4 bytes)
1780746853.899859 client loop enter
1780746853.900033 peer 0x10529e2f0 message 303
1780746853.900049 open write file 2 -
1780746853.900080 sending message 305 to peer 0x10529e2f0 (8 bytes)
1780746853.900101 write check file 2
1780746853.900175 peer 0x10529e2f0 message 304
1780746853.900182 write 58 to file 2
1780746853.900189 peer 0x10529e2f0 message 203
1780746853.900194 file 2 58 bytes left
1780746853.900207 write check file 2
1780746853.900213 client loop exit
